// Jest Snapshot v1, https://goo.gl/fbAQLP

exports[`Main should match snapshot 1`] = `
ShallowWrapper {
  "length": 1,
  Symbol(enzyme.__root__): [Circular],
  Symbol(enzyme.__unrendered__): <OpeningScroll
    crawl={
        Object {
            "episode_id": "Luke Skywalker",
            "opening_crawl": "Alderaan",
            "title": "Human",
          }
    }
/>,
  Symbol(enzyme.__renderer__): Object {
    "batchedUpdates": [Function],
    "getNode": [Function],
    "render": [Function],
    "simulateEvent": [Function],
    "unmount": [Function],
  },
  Symbol(enzyme.__node__): Object {
    "instance": null,
    "key": undefined,
    "nodeType": "host",
    "props": Object {
      "children": Array [
        <div
          className="fade"
/>,
        <section
          className="star-wars"
>
          <div
                    className="crawl"
          >
                    <div
                              className="title"
                    >
                              <p>
                                        Episode 
                                        Luke Skywalker
                              </p>
                              <h1>
                                        Human
                              </h1>
                    </div>
                    <p>
                              Alderaan
                    </p>
          </div>
</section>,
        <audio
          autoPlay="true"
          src="star-wars-theme-song.mp3"
/>,
      ],
      "className": "scroll",
    },
    "ref": null,
    "rendered": Array [
      Object {
        "instance": null,
        "key": undefined,
        "nodeType": "host",
        "props": Object {
          "className": "fade",
        },
        "ref": null,
        "rendered": null,
        "type": "div",
      },
      Object {
        "instance": null,
        "key": undefined,
        "nodeType": "host",
        "props": Object {
          "children": <div
            className="crawl"
>
            <div
                        className="title"
            >
                        <p>
                                    Episode 
                                    Luke Skywalker
                        </p>
                        <h1>
                                    Human
                        </h1>
            </div>
            <p>
                        Alderaan
            </p>
</div>,
          "className": "star-wars",
        },
        "ref": null,
        "rendered": Object {
          "instance": null,
          "key": undefined,
          "nodeType": "host",
          "props": Object {
            "children": Array [
              <div
                className="title"
>
                <p>
                                Episode 
                                Luke Skywalker
                </p>
                <h1>
                                Human
                </h1>
</div>,
              <p>
                Alderaan
</p>,
            ],
            "className": "crawl",
          },
          "ref": null,
          "rendered": Array [
            Object {
              "instance": null,
              "key": undefined,
              "nodeType": "host",
              "props": Object {
                "children": Array [
                  <p>
                    Episode 
                    Luke Skywalker
</p>,
                  <h1>
                    Human
</h1>,
                ],
                "className": "title",
              },
              "ref": null,
              "rendered": Array [
                Object {
                  "instance": null,
                  "key": undefined,
                  "nodeType": "host",
                  "props": Object {
                    "children": Array [
                      "Episode ",
                      "Luke Skywalker",
                    ],
                  },
                  "ref": null,
                  "rendered": Array [
                    "Episode ",
                    "Luke Skywalker",
                  ],
                  "type": "p",
                },
                Object {
                  "instance": null,
                  "key": undefined,
                  "nodeType": "host",
                  "props": Object {
                    "children": "Human",
                  },
                  "ref": null,
                  "rendered": "Human",
                  "type": "h1",
                },
              ],
              "type": "div",
            },
            Object {
              "instance": null,
              "key": undefined,
              "nodeType": "host",
              "props": Object {
                "children": "Alderaan",
              },
              "ref": null,
              "rendered": "Alderaan",
              "type": "p",
            },
          ],
          "type": "div",
        },
        "type": "section",
      },
      Object {
        "instance": null,
        "key": undefined,
        "nodeType": "host",
        "props": Object {
          "autoPlay": "true",
          "src": "star-wars-theme-song.mp3",
        },
        "ref": null,
        "rendered": null,
        "type": "audio",
      },
    ],
    "type": "div",
  },
  Symbol(enzyme.__nodes__): Array [
    Object {
      "instance": null,
      "key": undefined,
      "nodeType": "host",
      "props": Object {
        "children": Array [
          <div
            className="fade"
/>,
          <section
            className="star-wars"
>
            <div
                        className="crawl"
            >
                        <div
                                    className="title"
                        >
                                    <p>
                                                Episode 
                                                Luke Skywalker
                                    </p>
                                    <h1>
                                                Human
                                    </h1>
                        </div>
                        <p>
                                    Alderaan
                        </p>
            </div>
</section>,
          <audio
            autoPlay="true"
            src="star-wars-theme-song.mp3"
/>,
        ],
        "className": "scroll",
      },
      "ref": null,
      "rendered": Array [
        Object {
          "instance": null,
          "key": undefined,
          "nodeType": "host",
          "props": Object {
            "className": "fade",
          },
          "ref": null,
          "rendered": null,
          "type": "div",
        },
        Object {
          "instance": null,
          "key": undefined,
          "nodeType": "host",
          "props": Object {
            "children": <div
              className="crawl"
>
              <div
                            className="title"
              >
                            <p>
                                          Episode 
                                          Luke Skywalker
                            </p>
                            <h1>
                                          Human
                            </h1>
              </div>
              <p>
                            Alderaan
              </p>
</div>,
            "className": "star-wars",
          },
          "ref": null,
          "rendered": Object {
            "instance": null,
            "key": undefined,
            "nodeType": "host",
            "props": Object {
              "children": Array [
                <div
                  className="title"
>
                  <p>
                                    Episode 
                                    Luke Skywalker
                  </p>
                  <h1>
                                    Human
                  </h1>
</div>,
                <p>
                  Alderaan
</p>,
              ],
              "className": "crawl",
            },
            "ref": null,
            "rendered": Array [
              Object {
                "instance": null,
                "key": undefined,
                "nodeType": "host",
                "props": Object {
                  "children": Array [
                    <p>
                      Episode 
                      Luke Skywalker
</p>,
                    <h1>
                      Human
</h1>,
                  ],
                  "className": "title",
                },
                "ref": null,
                "rendered": Array [
                  Object {
                    "instance": null,
                    "key": undefined,
                    "nodeType": "host",
                    "props": Object {
                      "children": Array [
                        "Episode ",
                        "Luke Skywalker",
                      ],
                    },
                    "ref": null,
                    "rendered": Array [
                      "Episode ",
                      "Luke Skywalker",
                    ],
                    "type": "p",
                  },
                  Object {
                    "instance": null,
                    "key": undefined,
                    "nodeType": "host",
                    "props": Object {
                      "children": "Human",
                    },
                    "ref": null,
                    "rendered": "Human",
                    "type": "h1",
                  },
                ],
                "type": "div",
              },
              Object {
                "instance": null,
                "key": undefined,
                "nodeType": "host",
                "props": Object {
                  "children": "Alderaan",
                },
                "ref": null,
                "rendered": "Alderaan",
                "type": "p",
              },
            ],
            "type": "div",
          },
          "type": "section",
        },
        Object {
          "instance": null,
          "key": undefined,
          "nodeType": "host",
          "props": Object {
            "autoPlay": "true",
            "src": "star-wars-theme-song.mp3",
          },
          "ref": null,
          "rendered": null,
          "type": "audio",
        },
      ],
      "type": "div",
    },
  ],
  Symbol(enzyme.__options__): Object {
    "adapter": ReactSixteenAdapter {
      "options": Object {
        "enableComponentDidUpdateOnSetState": true,
      },
    },
  },
}
`;
